# Tests that a graph can be created.
# Also tests all methods with an empty graph

# Create a graph
created graph graph1

# Print the nodes in the graph
graph1 contains: