# tests that a path from a node to itself

created graph graph1

added node A to graph1
added node B to graph1

added edge 5.000 from A to B in graph1

path from A to A:
total cost: 0.000