# tests that the end node doesn't exists in the graph

created graph graph1

added node A to graph1
added node B to graph1
added node C to graph1

added edge 5.000 from A to B in graph1
added edge 10.000 from B to C in graph1
added edge 2.000 from A to C in graph1

unknown: D