# tests that the start node doesn't exists in the graph

created graph graph1

added node B to graph1
added node C to graph1
added node D to graph1

added edge 5.000 from B to C in graph1
added edge 10.000 from C to D in graph1
added edge 2.000 from B to D in graph1

unknown: A